\BOOKMARK [1][-]{Doc-Start}{\376\377\000A\000G\000R\000A\000D\000E\000C\000I\000M\000I\000E\000N\000T\000O\000S}{}% 1
\BOOKMARK [1][-]{Doc-Start}{\376\377\000R\000E\000S\000U\000M\000E\000N}{}% 2
\BOOKMARK [1][-]{Doc-Start}{\376\377\000A\000B\000S\000T\000R\000A\000C\000T}{}% 3
\BOOKMARK [1][-]{section.1}{\376\377\000I\000n\000t\000r\000o\000d\000u\000c\000c\000i\000\363\000n}{}% 4
\BOOKMARK [2][-]{subsection.1.1}{\376\377\000C\000o\000n\000t\000e\000x\000t\000o\000\040\000i\000n\000s\000t\000i\000t\000u\000c\000i\000o\000n\000a\000l}{section.1}% 5
\BOOKMARK [3][-]{subsubsection.1.1.1}{\376\377\000i\000H\000e\000a\000l\000t\000h\000\040\000y\000\040\000l\000a\000\040\000U\000n\000i\000d\000a\000d\000\040\000d\000e\000\040\000P\000a\000c\000i\000e\000n\000t\000e\000\040\000C\000r\000\355\000t\000i\000c\000o}{subsection.1.1}% 6
\BOOKMARK [3][-]{subsubsection.1.1.2}{\376\377\000R\000o\000l\000\040\000d\000e\000l\000\040\000e\000s\000t\000u\000d\000i\000a\000n\000t\000e}{subsection.1.1}% 7
\BOOKMARK [2][-]{subsection.1.2}{\376\377\000T\000r\000a\000b\000a\000j\000o\000\040\000d\000e\000\040\000t\000\355\000t\000u\000l\000o}{section.1}% 8
\BOOKMARK [3][-]{subsubsection.1.2.1}{\376\377\000O\000b\000j\000e\000t\000i\000v\000o\000\040\000g\000e\000n\000e\000r\000a\000l}{subsection.1.2}% 9
\BOOKMARK [3][-]{subsubsection.1.2.2}{\376\377\000O\000b\000j\000e\000t\000i\000v\000o\000s\000\040\000e\000s\000p\000e\000c\000\355\000f\000i\000c\000o\000s}{subsection.1.2}% 10
\BOOKMARK [3][-]{subsubsection.1.2.3}{\376\377\000M\000e\000t\000o\000d\000o\000l\000o\000g\000\355\000a}{subsection.1.2}% 11
\BOOKMARK [3][-]{subsubsection.1.2.4}{\376\377\000R\000e\000s\000u\000l\000t\000a\000d\000o\000s\000\040\000e\000s\000p\000e\000r\000a\000d\000o\000s}{subsection.1.2}% 12
\BOOKMARK [3][-]{subsubsection.1.2.5}{\376\377\000C\000o\000m\000p\000e\000t\000e\000n\000c\000i\000a\000s\000\040\000d\000e\000l\000\040\000p\000e\000r\000f\000i\000l\000\040\000d\000e\000\040\000e\000g\000r\000e\000s\000o}{subsection.1.2}% 13
\BOOKMARK [1][-]{section.2}{\376\377\000A\000c\000t\000i\000v\000i\000d\000a\000d\000e\000s\000\040\000d\000e\000s\000e\000m\000p\000e\000\361\000a\000d\000a\000s}{}% 14
\BOOKMARK [2][-]{subsection.2.1}{\376\377\000C\000o\000n\000c\000e\000p\000t\000u\000a\000l\000i\000z\000a\000c\000i\000\363\000n\000\040\000y\000\040\000a\000n\000\341\000l\000i\000s\000i\000s\000\040\000e\000x\000p\000l\000o\000r\000a\000t\000o\000r\000i\000o}{section.2}% 15
\BOOKMARK [2][-]{subsection.2.2}{\376\377\000P\000l\000a\000t\000a\000f\000o\000r\000m\000a\000\040\000d\000e\000\040\000a\000n\000o\000t\000a\000c\000i\000\363\000n\000\040\000c\000l\000\355\000n\000i\000c\000a}{section.2}% 16
\BOOKMARK [3][-]{subsubsection.2.2.1}{\376\377\000I\000n\000g\000e\000s\000t\000a\000\040\000y\000\040\000b\000a\000s\000e\000\040\000d\000e\000\040\000d\000a\000t\000o\000s}{subsection.2.2}% 17
\BOOKMARK [3][-]{subsubsection.2.2.2}{\376\377\000F\000o\000r\000m\000u\000l\000a\000r\000i\000o\000\040\000j\000e\000r\000\341\000r\000q\000u\000i\000c\000o\000\040\000d\000e\000\040\000a\000n\000o\000t\000a\000c\000i\000\363\000n}{subsection.2.2}% 18
\BOOKMARK [3][-]{subsubsection.2.2.3}{\376\377\000V\000i\000s\000o\000r\000\040\000s\000e\000g\000u\000r\000o\000\040\000d\000e\000\040\000d\000o\000c\000u\000m\000e\000n\000t\000o\000s}{subsection.2.2}% 19
\BOOKMARK [2][-]{subsection.2.3}{\376\377\000P\000r\000o\000t\000e\000c\000c\000i\000\363\000n\000\040\000d\000e\000\040\000d\000a\000t\000o\000s\000\040\000p\000e\000r\000s\000o\000n\000a\000l\000e\000s}{section.2}% 20
\BOOKMARK [2][-]{subsection.2.4}{\376\377\000E\000v\000a\000l\000u\000a\000c\000i\000\363\000n\000\040\000d\000e\000\040\000m\000o\000d\000e\000l\000o\000s\000\040\000d\000e\000\040\000l\000e\000n\000g\000u\000a\000j\000e\000\040\000e\000n\000\040\000e\000l\000\040\000c\000l\000\372\000s\000t\000e\000r}{section.2}% 21
\BOOKMARK [2][-]{subsection.2.5}{\376\377\000E\000x\000p\000e\000r\000i\000m\000e\000n\000t\000o\000\040\000d\000e\000\040\000c\000o\000n\000c\000o\000r\000d\000a\000n\000c\000i\000a\000\040\000e\000n\000t\000r\000e\000\040\000a\000n\000o\000t\000a\000d\000o\000r\000e\000s}{section.2}% 22
\BOOKMARK [2][-]{subsection.2.6}{\376\377\000I\000n\000f\000r\000a\000e\000s\000t\000r\000u\000c\000t\000u\000r\000a\000\040\000y\000\040\000o\000p\000e\000r\000a\000c\000i\000\363\000n}{section.2}% 23
\BOOKMARK [2][-]{subsection.2.7}{\376\377\000D\000e\000s\000a\000f\000\355\000o\000s\000\040\000e\000n\000c\000o\000n\000t\000r\000a\000d\000o\000s}{section.2}% 24
\BOOKMARK [1][-]{section.3}{\376\377\000R\000e\000s\000u\000l\000t\000a\000d\000o\000s}{}% 25
\BOOKMARK [2][-]{subsection.3.1}{\376\377\000P\000l\000a\000t\000a\000f\000o\000r\000m\000a\000\040\000d\000e\000\040\000a\000n\000o\000t\000a\000c\000i\000\363\000n\000\040\000o\000p\000e\000r\000a\000t\000i\000v\000a}{section.3}% 26
\BOOKMARK [2][-]{subsection.3.2}{\376\377\000C\000o\000n\000j\000u\000n\000t\000o\000\040\000d\000e\000\040\000d\000a\000t\000o\000s\000\040\000p\000r\000o\000t\000e\000g\000i\000d\000o\000\040\000y\000\040\000t\000r\000a\000z\000a\000b\000l\000e}{section.3}% 27
\BOOKMARK [2][-]{subsection.3.3}{\376\377\000E\000v\000a\000l\000u\000a\000c\000i\000\363\000n\000\040\000d\000e\000\040\000m\000o\000d\000e\000l\000o\000s\000\040\000d\000e\000\040\000l\000e\000n\000g\000u\000a\000j\000e\000:\000\040\000i\000n\000f\000r\000a\000e\000s\000t\000r\000u\000c\000t\000u\000r\000a\000\040\000y\000\040\000m\000\351\000t\000o\000d\000o}{section.3}% 28
\BOOKMARK [2][-]{subsection.3.4}{\376\377\000E\000x\000p\000e\000r\000i\000m\000e\000n\000t\000o\000\040\000d\000e\000\040\000c\000o\000n\000c\000o\000r\000d\000a\000n\000c\000i\000a\000\040\000e\000n\000\040\000e\000j\000e\000c\000u\000c\000i\000\363\000n}{section.3}% 29
\BOOKMARK [2][-]{subsection.3.5}{\376\377\000I\000n\000f\000r\000a\000e\000s\000t\000r\000u\000c\000t\000u\000r\000a\000\040\000c\000o\000n\000f\000i\000a\000b\000l\000e}{section.3}% 30
\BOOKMARK [1][-]{section.4}{\376\377\000C\000o\000m\000p\000e\000t\000e\000n\000c\000i\000a\000s\000\040\000d\000e\000\040\000p\000e\000r\000f\000i\000l\000\040\000d\000e\000\040\000e\000g\000r\000e\000s\000o}{}% 31
\BOOKMARK [1][-]{section.5}{\376\377\000C\000o\000n\000c\000l\000u\000s\000i\000o\000n\000e\000s}{}% 32
\BOOKMARK [1][-]{section.5}{\376\377\000B\000I\000B\000L\000I\000O\000G\000R\000A\000F\000\315\000A}{}% 33
\BOOKMARK [1][-]{section.5}{\376\377\000A\000N\000E\000X\000O\000S}{}% 34
\BOOKMARK [1][-]{section.5}{\376\377\000A\000n\000e\000x\000o\000\040\000A\000:\000\040\000R\000e\000s\000u\000m\000e\000n\000\040\000d\000e\000\040\000d\000e\000d\000i\000c\000a\000c\000i\000\363\000n\000\040\000p\000o\000r\000\040\000b\000i\000t\000\341\000c\000o\000r\000a}{}% 35
\BOOKMARK [1][-]{table.1}{\376\377\000A\000n\000e\000x\000o\000\040\000B\000:\000\040\000A\000r\000q\000u\000i\000t\000e\000c\000t\000u\000r\000a\000\040\000d\000e\000\040\000l\000a\000\040\000p\000l\000a\000t\000a\000f\000o\000r\000m\000a}{}% 36
